---
source: lexer/src/lib.rs
expression: "debug(\"-12\")"
---
[Token { kind: Integer, text: "-12", range: 0..3 }]
