---
source: lexer/src/lib.rs
expression: "debug(r#\"\"Double \\\\ \\\" quoted \\n \\r \\x string\"\"#)"
---
[Token { kind: String, text: "\"Double \\\\ \\\" quoted \\n \\r \\x string\"", range: 0..37 }]
