---
source: lexer/src/lib.rs
expression: "debug(\"abc_abc\")"
---
[Token { kind: Ident, text: "abc_abc", range: 0..7 }]
