---
source: lexer/src/lib.rs
expression: "debug(\"_\")"
---
[Token { kind: Ident, text: "_", range: 0..1 }]
