---
source: lexer/src/lib.rs
expression: "debug(\"abc\")"
---
[Token { kind: Ident, text: "abc", range: 0..3 }]
