---
source: lexer/src/lib.rs
expression: "debug(\"12.0\")"
---
[Token { kind: Number, text: "12.0", range: 0..4 }]
