---
source: lexer/src/lib.rs
expression: "debug(\".12\")"
---
[Token { kind: Dot, text: ".", range: 0..1 }, Token { kind: Integer, text: "12", range: 1..3 }]
