---
source: lexer/src/lib.rs
expression: "debug(r#\"'Single quoted string'\"#)"
---
[Token { kind: String, text: "'Single quoted string'", range: 0..22 }]
