---
source: lexer/src/lib.rs
expression: "debug(r\"\n\")"
---
[Token { kind: Whitespace, text: "\n", range: 0..1 }]
